Archive member included to satisfy reference by file (symbol)

c:/program files (x86)/atmel/studio/7.0/toolchain/avr8/avr8-gnu-toolchain/bin/../lib/gcc/avr/5.4.0/../../../../avr/lib/avr5\libm.a(fixunssfsi.o)
                              HAL/ultrasonic/ultrasonic_core.o (__fixunssfsi)
c:/program files (x86)/atmel/studio/7.0/toolchain/avr8/avr8-gnu-toolchain/bin/../lib/gcc/avr/5.4.0/../../../../avr/lib/avr5\libm.a(floatsisf.o)
                              HAL/ultrasonic/ultrasonic_core.o (__floatunsisf)
c:/program files (x86)/atmel/studio/7.0/toolchain/avr8/avr8-gnu-toolchain/bin/../lib/gcc/avr/5.4.0/../../../../avr/lib/avr5\libm.a(fp_split3.o)
                              c:/program files (x86)/atmel/studio/7.0/toolchain/avr8/avr8-gnu-toolchain/bin/../lib/gcc/avr/5.4.0/../../../../avr/lib/avr5\libm.a(fixunssfsi.o) (__fp_splitA)
c:/program files (x86)/atmel/studio/7.0/toolchain/avr8/avr8-gnu-toolchain/bin/../lib/gcc/avr/5.4.0/../../../../avr/lib/avr5\libm.a(fp_zero.o)
                              c:/program files (x86)/atmel/studio/7.0/toolchain/avr8/avr8-gnu-toolchain/bin/../lib/gcc/avr/5.4.0/../../../../avr/lib/avr5\libm.a(fixunssfsi.o) (__fp_zero)
c:/program files (x86)/atmel/studio/7.0/toolchain/avr8/avr8-gnu-toolchain/bin/../lib/gcc/avr/5.4.0/../../../../avr/lib/avr5\libm.a(mulsf3.o)
                              HAL/ultrasonic/ultrasonic_core.o (__mulsf3)
c:/program files (x86)/atmel/studio/7.0/toolchain/avr8/avr8-gnu-toolchain/bin/../lib/gcc/avr/5.4.0/../../../../avr/lib/avr5\libm.a(mulsf3x.o)
                              c:/program files (x86)/atmel/studio/7.0/toolchain/avr8/avr8-gnu-toolchain/bin/../lib/gcc/avr/5.4.0/../../../../avr/lib/avr5\libm.a(mulsf3.o) (__mulsf3x)
c:/program files (x86)/atmel/studio/7.0/toolchain/avr8/avr8-gnu-toolchain/bin/../lib/gcc/avr/5.4.0/../../../../avr/lib/avr5\libm.a(fp_inf.o)
                              c:/program files (x86)/atmel/studio/7.0/toolchain/avr8/avr8-gnu-toolchain/bin/../lib/gcc/avr/5.4.0/../../../../avr/lib/avr5\libm.a(mulsf3x.o) (__fp_inf)
c:/program files (x86)/atmel/studio/7.0/toolchain/avr8/avr8-gnu-toolchain/bin/../lib/gcc/avr/5.4.0/../../../../avr/lib/avr5\libm.a(fp_nan.o)
                              c:/program files (x86)/atmel/studio/7.0/toolchain/avr8/avr8-gnu-toolchain/bin/../lib/gcc/avr/5.4.0/../../../../avr/lib/avr5\libm.a(mulsf3x.o) (__fp_nan)
c:/program files (x86)/atmel/studio/7.0/toolchain/avr8/avr8-gnu-toolchain/bin/../lib/gcc/avr/5.4.0/../../../../avr/lib/avr5\libm.a(fp_pscA.o)
                              c:/program files (x86)/atmel/studio/7.0/toolchain/avr8/avr8-gnu-toolchain/bin/../lib/gcc/avr/5.4.0/../../../../avr/lib/avr5\libm.a(mulsf3x.o) (__fp_pscA)
c:/program files (x86)/atmel/studio/7.0/toolchain/avr8/avr8-gnu-toolchain/bin/../lib/gcc/avr/5.4.0/../../../../avr/lib/avr5\libm.a(fp_pscB.o)
                              c:/program files (x86)/atmel/studio/7.0/toolchain/avr8/avr8-gnu-toolchain/bin/../lib/gcc/avr/5.4.0/../../../../avr/lib/avr5\libm.a(mulsf3x.o) (__fp_pscB)
c:/program files (x86)/atmel/studio/7.0/toolchain/avr8/avr8-gnu-toolchain/bin/../lib/gcc/avr/5.4.0/../../../../avr/lib/avr5\libm.a(fp_round.o)
                              c:/program files (x86)/atmel/studio/7.0/toolchain/avr8/avr8-gnu-toolchain/bin/../lib/gcc/avr/5.4.0/../../../../avr/lib/avr5\libm.a(mulsf3.o) (__fp_round)
c:/program files (x86)/atmel/studio/7.0/toolchain/avr8/avr8-gnu-toolchain/bin/../lib/gcc/avr/5.4.0/avr5\libgcc.a(_divmodhi4.o)
                              MCAL/PWM/PWM_core.o (__divmodhi4)
c:/program files (x86)/atmel/studio/7.0/toolchain/avr8/avr8-gnu-toolchain/bin/../lib/gcc/avr/5.4.0/avr5\libgcc.a(_divmodsi4.o)
                              HAL/LCD/LCD_Core.o (__divmodsi4)
c:/program files (x86)/atmel/studio/7.0/toolchain/avr8/avr8-gnu-toolchain/bin/../lib/gcc/avr/5.4.0/avr5\libgcc.a(_negsi2.o)
                              c:/program files (x86)/atmel/studio/7.0/toolchain/avr8/avr8-gnu-toolchain/bin/../lib/gcc/avr/5.4.0/avr5\libgcc.a(_divmodsi4.o) (__negsi2)
c:/program files (x86)/atmel/studio/7.0/toolchain/avr8/avr8-gnu-toolchain/bin/../lib/gcc/avr/5.4.0/avr5\libgcc.a(_exit.o)
                              C:/Program Files (x86)/Atmel/Studio/7.0/Packs/atmel/ATmega_DFP/1.2.209/gcc/dev/atmega32/avr5/crtatmega32.o (exit)
c:/program files (x86)/atmel/studio/7.0/toolchain/avr8/avr8-gnu-toolchain/bin/../lib/gcc/avr/5.4.0/avr5\libgcc.a(_copy_data.o)
                              APP/CFGH/HAL_CFG/LCD_CFG.o (__do_copy_data)
c:/program files (x86)/atmel/studio/7.0/toolchain/avr8/avr8-gnu-toolchain/bin/../lib/gcc/avr/5.4.0/avr5\libgcc.a(_clear_bss.o)
                              MCAL/ADC/ADC_Core.o (__do_clear_bss)
c:/program files (x86)/atmel/studio/7.0/toolchain/avr8/avr8-gnu-toolchain/bin/../lib/gcc/avr/5.4.0/avr5\libgcc.a(_umulhisi3.o)
                              MCAL/PWM/PWM_core.o (__umulhisi3)
c:/program files (x86)/atmel/studio/7.0/toolchain/avr8/avr8-gnu-toolchain/bin/../lib/gcc/avr/5.4.0/avr5\libgcc.a(_udivmodhi4.o)
                              c:/program files (x86)/atmel/studio/7.0/toolchain/avr8/avr8-gnu-toolchain/bin/../lib/gcc/avr/5.4.0/avr5\libgcc.a(_divmodhi4.o) (__udivmodhi4)
c:/program files (x86)/atmel/studio/7.0/toolchain/avr8/avr8-gnu-toolchain/bin/../lib/gcc/avr/5.4.0/avr5\libgcc.a(_udivmodsi4.o)
                              c:/program files (x86)/atmel/studio/7.0/toolchain/avr8/avr8-gnu-toolchain/bin/../lib/gcc/avr/5.4.0/avr5\libgcc.a(_divmodsi4.o) (__udivmodsi4)

Allocating common symbols
Common symbol       size              file

ADC_Vin_Value_mv    0x4               MCAL/ADC/ADC_Core.o
TIMER1_NUMBER_OVERFLOWS_G
                    0x4               MCAL/IRQH/IRQH_Core.o

Discarded input sections

 .data          0x00000000        0x0 C:/Program Files (x86)/Atmel/Studio/7.0/Packs/atmel/ATmega_DFP/1.2.209/gcc/dev/atmega32/avr5/crtatmega32.o
 .bss           0x00000000        0x0 C:/Program Files (x86)/Atmel/Studio/7.0/Packs/atmel/ATmega_DFP/1.2.209/gcc/dev/atmega32/avr5/crtatmega32.o
 .text          0x00000000        0x0 APP/CFGH/HAL_CFG/LCD_CFG.o
 .data          0x00000000        0x0 APP/CFGH/HAL_CFG/LCD_CFG.o
 .bss           0x00000000        0x0 APP/CFGH/HAL_CFG/LCD_CFG.o
 .rodata.LCD_CUSTOM_CHARACTERS_g
                0x00000000       0x40 APP/CFGH/HAL_CFG/LCD_CFG.o
 .debug_info    0x00000000       0x9a APP/CFGH/HAL_CFG/LCD_CFG.o
 .debug_abbrev  0x00000000       0x52 APP/CFGH/HAL_CFG/LCD_CFG.o
 .debug_aranges
                0x00000000       0x18 APP/CFGH/HAL_CFG/LCD_CFG.o
 .debug_line    0x00000000       0x4b APP/CFGH/HAL_CFG/LCD_CFG.o
 .debug_str     0x00000000      0x1a3 APP/CFGH/HAL_CFG/LCD_CFG.o
 .comment       0x00000000       0x31 APP/CFGH/HAL_CFG/LCD_CFG.o
 .text          0x00000000        0x0 APP/CFGH/MCAL_CFG/PORT_LCFG.o
 .data          0x00000000        0x0 APP/CFGH/MCAL_CFG/PORT_LCFG.o
 .bss           0x00000000        0x0 APP/CFGH/MCAL_CFG/PORT_LCFG.o
 .text          0x00000000        0x0 APP/MAIN/main.o
 .data          0x00000000        0x0 APP/MAIN/main.o
 .bss           0x00000000        0x0 APP/MAIN/main.o
 .text          0x00000000        0x0 HAL/LCD/LCD_Core.o
 .data          0x00000000        0x0 HAL/LCD/LCD_Core.o
 .bss           0x00000000        0x0 HAL/LCD/LCD_Core.o
 .text.LCD_WriteCustomCharacter
                0x00000000       0x5a HAL/LCD/LCD_Core.o
 .text          0x00000000        0x0 HAL/LED/LED_Core.o
 .data          0x00000000        0x0 HAL/LED/LED_Core.o
 .bss           0x00000000        0x0 HAL/LED/LED_Core.o
 .text.LED_Init
                0x00000000        0x4 HAL/LED/LED_Core.o
 .text.LED_ON   0x00000000        0x4 HAL/LED/LED_Core.o
 .text.LED_OFF  0x00000000        0x4 HAL/LED/LED_Core.o
 .text.LED_TGL  0x00000000        0xa HAL/LED/LED_Core.o
 .debug_info    0x00000000       0xc5 HAL/LED/LED_Core.o
 .debug_abbrev  0x00000000       0x46 HAL/LED/LED_Core.o
 .debug_aranges
                0x00000000       0x38 HAL/LED/LED_Core.o
 .debug_ranges  0x00000000       0x28 HAL/LED/LED_Core.o
 .debug_line    0x00000000       0x9b HAL/LED/LED_Core.o
 .debug_str     0x00000000      0x19a HAL/LED/LED_Core.o
 .comment       0x00000000       0x31 HAL/LED/LED_Core.o
 .debug_frame   0x00000000       0x54 HAL/LED/LED_Core.o
 .text          0x00000000        0x0 HAL/pulse meter/pulse_meter_core.o
 .data          0x00000000        0x0 HAL/pulse meter/pulse_meter_core.o
 .bss           0x00000000        0x0 HAL/pulse meter/pulse_meter_core.o
 .debug_line    0x00000000        0x0 HAL/pulse meter/pulse_meter_core.o
 .debug_str     0x00000000      0x125 HAL/pulse meter/pulse_meter_core.o
 .comment       0x00000000       0x31 HAL/pulse meter/pulse_meter_core.o
 .text          0x00000000        0x0 HAL/ultrasonic/ultrasonic_core.o
 .data          0x00000000        0x0 HAL/ultrasonic/ultrasonic_core.o
 .bss           0x00000000        0x0 HAL/ultrasonic/ultrasonic_core.o
 .text          0x00000000        0x0 MCAL/ADC/ADC_Core.o
 .data          0x00000000        0x0 MCAL/ADC/ADC_Core.o
 .bss           0x00000000        0x0 MCAL/ADC/ADC_Core.o
 .text.ADC_Init
                0x00000000       0x1c MCAL/ADC/ADC_Core.o
 .text.ADC_Read
                0x00000000        0x4 MCAL/ADC/ADC_Core.o
 .text          0x00000000        0x0 MCAL/DIO/DIO_Core.o
 .data          0x00000000        0x0 MCAL/DIO/DIO_Core.o
 .bss           0x00000000        0x0 MCAL/DIO/DIO_Core.o
 .text.DIO_ReadChannel
                0x00000000       0x66 MCAL/DIO/DIO_Core.o
 .text.DIO_FlipChannel
                0x00000000       0x82 MCAL/DIO/DIO_Core.o
 .text.DIO_WritePort
                0x00000000       0x26 MCAL/DIO/DIO_Core.o
 .text.DIO_ReadPort
                0x00000000       0x2a MCAL/DIO/DIO_Core.o
 .text          0x00000000        0x0 MCAL/GPT/GPT_core.o
 .data          0x00000000        0x0 MCAL/GPT/GPT_core.o
 .bss           0x00000000        0x0 MCAL/GPT/GPT_core.o
 .text.GPT_SetTime
                0x00000000        0x2 MCAL/GPT/GPT_core.o
 .text          0x00000000        0x0 MCAL/ICU/ICU_CORE.o
 .data          0x00000000        0x0 MCAL/ICU/ICU_CORE.o
 .bss           0x00000000        0x0 MCAL/ICU/ICU_CORE.o
 .text          0x00000000        0x0 MCAL/IRQH/IRQH_Core.o
 .data          0x00000000        0x0 MCAL/IRQH/IRQH_Core.o
 .bss           0x00000000        0x0 MCAL/IRQH/IRQH_Core.o
 .text.IRQH_SetExternalInterrupts
                0x00000000       0x14 MCAL/IRQH/IRQH_Core.o
 .text.IRQH_SetCallBack
                0x00000000        0xa MCAL/IRQH/IRQH_Core.o
 .bss.GPT_ptr   0x00000000        0x2 MCAL/IRQH/IRQH_Core.o
 .text          0x00000000        0x0 MCAL/PORT/PORT_Core.o
 .data          0x00000000        0x0 MCAL/PORT/PORT_Core.o
 .bss           0x00000000        0x0 MCAL/PORT/PORT_Core.o
 .text          0x00000000        0x0 MCAL/PWM/PWM_core.o
 .data          0x00000000        0x0 MCAL/PWM/PWM_core.o
 .bss           0x00000000        0x0 MCAL/PWM/PWM_core.o
 .text.pwm_init
                0x00000000       0x1a MCAL/PWM/PWM_core.o
 .text.pwm0_genrate
                0x00000000       0x18 MCAL/PWM/PWM_core.o
 .text.pwm1_genrate
                0x00000000       0x58 MCAL/PWM/PWM_core.o
 .debug_info    0x00000000       0xed MCAL/PWM/PWM_core.o
 .debug_abbrev  0x00000000       0x87 MCAL/PWM/PWM_core.o
 .debug_loc     0x00000000       0x8d MCAL/PWM/PWM_core.o
 .debug_aranges
                0x00000000       0x30 MCAL/PWM/PWM_core.o
 .debug_ranges  0x00000000       0x20 MCAL/PWM/PWM_core.o
 .debug_line    0x00000000       0xb2 MCAL/PWM/PWM_core.o
 .debug_str     0x00000000      0x1ba MCAL/PWM/PWM_core.o
 .comment       0x00000000       0x31 MCAL/PWM/PWM_core.o
 .debug_frame   0x00000000       0x4c MCAL/PWM/PWM_core.o
 .text          0x00000000        0x0 c:/program files (x86)/atmel/studio/7.0/toolchain/avr8/avr8-gnu-toolchain/bin/../lib/gcc/avr/5.4.0/../../../../avr/lib/avr5\libm.a(fixunssfsi.o)
 .data          0x00000000        0x0 c:/program files (x86)/atmel/studio/7.0/toolchain/avr8/avr8-gnu-toolchain/bin/../lib/gcc/avr/5.4.0/../../../../avr/lib/avr5\libm.a(fixunssfsi.o)
 .bss           0x00000000        0x0 c:/program files (x86)/atmel/studio/7.0/toolchain/avr8/avr8-gnu-toolchain/bin/../lib/gcc/avr/5.4.0/../../../../avr/lib/avr5\libm.a(fixunssfsi.o)
 .text          0x00000000        0x0 c:/program files (x86)/atmel/studio/7.0/toolchain/avr8/avr8-gnu-toolchain/bin/../lib/gcc/avr/5.4.0/../../../../avr/lib/avr5\libm.a(floatsisf.o)
 .data          0x00000000        0x0 c:/program files (x86)/atmel/studio/7.0/toolchain/avr8/avr8-gnu-toolchain/bin/../lib/gcc/avr/5.4.0/../../../../avr/lib/avr5\libm.a(floatsisf.o)
 .bss           0x00000000        0x0 c:/program files (x86)/atmel/studio/7.0/toolchain/avr8/avr8-gnu-toolchain/bin/../lib/gcc/avr/5.4.0/../../../../avr/lib/avr5\libm.a(floatsisf.o)
 .text          0x00000000        0x0 c:/program files (x86)/atmel/studio/7.0/toolchain/avr8/avr8-gnu-toolchain/bin/../lib/gcc/avr/5.4.0/../../../../avr/lib/avr5\libm.a(fp_split3.o)
 .data          0x00000000        0x0 c:/program files (x86)/atmel/studio/7.0/toolchain/avr8/avr8-gnu-toolchain/bin/../lib/gcc/avr/5.4.0/../../../../avr/lib/avr5\libm.a(fp_split3.o)
 .bss           0x00000000        0x0 c:/program files (x86)/atmel/studio/7.0/toolchain/avr8/avr8-gnu-toolchain/bin/../lib/gcc/avr/5.4.0/../../../../avr/lib/avr5\libm.a(fp_split3.o)
 .text          0x00000000        0x0 c:/program files (x86)/atmel/studio/7.0/toolchain/avr8/avr8-gnu-toolchain/bin/../lib/gcc/avr/5.4.0/../../../../avr/lib/avr5\libm.a(fp_zero.o)
 .data          0x00000000        0x0 c:/program files (x86)/atmel/studio/7.0/toolchain/avr8/avr8-gnu-toolchain/bin/../lib/gcc/avr/5.4.0/../../../../avr/lib/avr5\libm.a(fp_zero.o)
 .bss           0x00000000        0x0 c:/program files (x86)/atmel/studio/7.0/toolchain/avr8/avr8-gnu-toolchain/bin/../lib/gcc/avr/5.4.0/../../../../avr/lib/avr5\libm.a(fp_zero.o)
 .text          0x00000000        0x0 c:/program files (x86)/atmel/studio/7.0/toolchain/avr8/avr8-gnu-toolchain/bin/../lib/gcc/avr/5.4.0/../../../../avr/lib/avr5\libm.a(mulsf3.o)
 .data          0x00000000        0x0 c:/program files (x86)/atmel/studio/7.0/toolchain/avr8/avr8-gnu-toolchain/bin/../lib/gcc/avr/5.4.0/../../../../avr/lib/avr5\libm.a(mulsf3.o)
 .bss           0x00000000        0x0 c:/program files (x86)/atmel/studio/7.0/toolchain/avr8/avr8-gnu-toolchain/bin/../lib/gcc/avr/5.4.0/../../../../avr/lib/avr5\libm.a(mulsf3.o)
 .text          0x00000000        0x0 c:/program files (x86)/atmel/studio/7.0/toolchain/avr8/avr8-gnu-toolchain/bin/../lib/gcc/avr/5.4.0/../../../../avr/lib/avr5\libm.a(mulsf3x.o)
 .data          0x00000000        0x0 c:/program files (x86)/atmel/studio/7.0/toolchain/avr8/avr8-gnu-toolchain/bin/../lib/gcc/avr/5.4.0/../../../../avr/lib/avr5\libm.a(mulsf3x.o)
 .bss           0x00000000        0x0 c:/program files (x86)/atmel/studio/7.0/toolchain/avr8/avr8-gnu-toolchain/bin/../lib/gcc/avr/5.4.0/../../../../avr/lib/avr5\libm.a(mulsf3x.o)
 .text          0x00000000        0x0 c:/program files (x86)/atmel/studio/7.0/toolchain/avr8/avr8-gnu-toolchain/bin/../lib/gcc/avr/5.4.0/../../../../avr/lib/avr5\libm.a(fp_inf.o)
 .data          0x00000000        0x0 c:/program files (x86)/atmel/studio/7.0/toolchain/avr8/avr8-gnu-toolchain/bin/../lib/gcc/avr/5.4.0/../../../../avr/lib/avr5\libm.a(fp_inf.o)
 .bss           0x00000000        0x0 c:/program files (x86)/atmel/studio/7.0/toolchain/avr8/avr8-gnu-toolchain/bin/../lib/gcc/avr/5.4.0/../../../../avr/lib/avr5\libm.a(fp_inf.o)
 .text          0x00000000        0x0 c:/program files (x86)/atmel/studio/7.0/toolchain/avr8/avr8-gnu-toolchain/bin/../lib/gcc/avr/5.4.0/../../../../avr/lib/avr5\libm.a(fp_nan.o)
 .data          0x00000000        0x0 c:/program files (x86)/atmel/studio/7.0/toolchain/avr8/avr8-gnu-toolchain/bin/../lib/gcc/avr/5.4.0/../../../../avr/lib/avr5\libm.a(fp_nan.o)
 .bss           0x00000000        0x0 c:/program files (x86)/atmel/studio/7.0/toolchain/avr8/avr8-gnu-toolchain/bin/../lib/gcc/avr/5.4.0/../../../../avr/lib/avr5\libm.a(fp_nan.o)
 .text          0x00000000        0x0 c:/program files (x86)/atmel/studio/7.0/toolchain/avr8/avr8-gnu-toolchain/bin/../lib/gcc/avr/5.4.0/../../../../avr/lib/avr5\libm.a(fp_pscA.o)
 .data          0x00000000        0x0 c:/program files (x86)/atmel/studio/7.0/toolchain/avr8/avr8-gnu-toolchain/bin/../lib/gcc/avr/5.4.0/../../../../avr/lib/avr5\libm.a(fp_pscA.o)
 .bss           0x00000000        0x0 c:/program files (x86)/atmel/studio/7.0/toolchain/avr8/avr8-gnu-toolchain/bin/../lib/gcc/avr/5.4.0/../../../../avr/lib/avr5\libm.a(fp_pscA.o)
 .text          0x00000000        0x0 c:/program files (x86)/atmel/studio/7.0/toolchain/avr8/avr8-gnu-toolchain/bin/../lib/gcc/avr/5.4.0/../../../../avr/lib/avr5\libm.a(fp_pscB.o)
 .data          0x00000000        0x0 c:/program files (x86)/atmel/studio/7.0/toolchain/avr8/avr8-gnu-toolchain/bin/../lib/gcc/avr/5.4.0/../../../../avr/lib/avr5\libm.a(fp_pscB.o)
 .bss           0x00000000        0x0 c:/program files (x86)/atmel/studio/7.0/toolchain/avr8/avr8-gnu-toolchain/bin/../lib/gcc/avr/5.4.0/../../../../avr/lib/avr5\libm.a(fp_pscB.o)
 .text          0x00000000        0x0 c:/program files (x86)/atmel/studio/7.0/toolchain/avr8/avr8-gnu-toolchain/bin/../lib/gcc/avr/5.4.0/../../../../avr/lib/avr5\libm.a(fp_round.o)
 .data          0x00000000        0x0 c:/program files (x86)/atmel/studio/7.0/toolchain/avr8/avr8-gnu-toolchain/bin/../lib/gcc/avr/5.4.0/../../../../avr/lib/avr5\libm.a(fp_round.o)
 .bss           0x00000000        0x0 c:/program files (x86)/atmel/studio/7.0/toolchain/avr8/avr8-gnu-toolchain/bin/../lib/gcc/avr/5.4.0/../../../../avr/lib/avr5\libm.a(fp_round.o)
 .text          0x00000000        0x0 c:/program files (x86)/atmel/studio/7.0/toolchain/avr8/avr8-gnu-toolchain/bin/../lib/gcc/avr/5.4.0/avr5\libgcc.a(_divmodhi4.o)
 .data          0x00000000        0x0 c:/program files (x86)/atmel/studio/7.0/toolchain/avr8/avr8-gnu-toolchain/bin/../lib/gcc/avr/5.4.0/avr5\libgcc.a(_divmodhi4.o)
 .bss           0x00000000        0x0 c:/program files (x86)/atmel/studio/7.0/toolchain/avr8/avr8-gnu-toolchain/bin/../lib/gcc/avr/5.4.0/avr5\libgcc.a(_divmodhi4.o)
 .text.libgcc.mul
                0x00000000        0x0 c:/program files (x86)/atmel/studio/7.0/toolchain/avr8/avr8-gnu-toolchain/bin/../lib/gcc/avr/5.4.0/avr5\libgcc.a(_divmodhi4.o)
 .text.libgcc.div
                0x00000000       0x28 c:/program files (x86)/atmel/studio/7.0/toolchain/avr8/avr8-gnu-toolchain/bin/../lib/gcc/avr/5.4.0/avr5\libgcc.a(_divmodhi4.o)
 .text.libgcc   0x00000000        0x0 c:/program files (x86)/atmel/studio/7.0/toolchain/avr8/avr8-gnu-toolchain/bin/../lib/gcc/avr/5.4.0/avr5\libgcc.a(_divmodhi4.o)
 .text.libgcc.prologue
                0x00000000        0x0 c:/program files (x86)/atmel/studio/7.0/toolchain/avr8/avr8-gnu-toolchain/bin/../lib/gcc/avr/5.4.0/avr5\libgcc.a(_divmodhi4.o)
 .text.libgcc.builtins
                0x00000000        0x0 c:/program files (x86)/atmel/studio/7.0/toolchain/avr8/avr8-gnu-toolchain/bin/../lib/gcc/avr/5.4.0/avr5\libgcc.a(_divmodhi4.o)
 .text.libgcc.fmul
                0x00000000        0x0 c:/program files (x86)/atmel/studio/7.0/toolchain/avr8/avr8-gnu-toolchain/bin/../lib/gcc/avr/5.4.0/avr5\libgcc.a(_divmodhi4.o)
 .text.libgcc.fixed
                0x00000000        0x0 c:/program files (x86)/atmel/studio/7.0/toolchain/avr8/avr8-gnu-toolchain/bin/../lib/gcc/avr/5.4.0/avr5\libgcc.a(_divmodhi4.o)
 .text          0x00000000        0x0 c:/program files (x86)/atmel/studio/7.0/toolchain/avr8/avr8-gnu-toolchain/bin/../lib/gcc/avr/5.4.0/avr5\libgcc.a(_divmodsi4.o)
 .data          0x00000000        0x0 c:/program files (x86)/atmel/studio/7.0/toolchain/avr8/avr8-gnu-toolchain/bin/../lib/gcc/avr/5.4.0/avr5\libgcc.a(_divmodsi4.o)
 .bss           0x00000000        0x0 c:/program files (x86)/atmel/studio/7.0/toolchain/avr8/avr8-gnu-toolchain/bin/../lib/gcc/avr/5.4.0/avr5\libgcc.a(_divmodsi4.o)
 .text.libgcc.mul
                0x00000000        0x0 c:/program files (x86)/atmel/studio/7.0/toolchain/avr8/avr8-gnu-toolchain/bin/../lib/gcc/avr/5.4.0/avr5\libgcc.a(_divmodsi4.o)
 .text.libgcc   0x00000000        0x0 c:/program files (x86)/atmel/studio/7.0/toolchain/avr8/avr8-gnu-toolchain/bin/../lib/gcc/avr/5.4.0/avr5\libgcc.a(_divmodsi4.o)
 .text.libgcc.prologue
                0x00000000        0x0 c:/program files (x86)/atmel/studio/7.0/toolchain/avr8/avr8-gnu-toolchain/bin/../lib/gcc/avr/5.4.0/avr5\libgcc.a(_divmodsi4.o)
 .text.libgcc.builtins
                0x00000000        0x0 c:/program files (x86)/atmel/studio/7.0/toolchain/avr8/avr8-gnu-toolchain/bin/../lib/gcc/avr/5.4.0/avr5\libgcc.a(_divmodsi4.o)
 .text.libgcc.fmul
                0x00000000        0x0 c:/program files (x86)/atmel/studio/7.0/toolchain/avr8/avr8-gnu-toolchain/bin/../lib/gcc/avr/5.4.0/avr5\libgcc.a(_divmodsi4.o)
 .text.libgcc.fixed
                0x00000000        0x0 c:/program files (x86)/atmel/studio/7.0/toolchain/avr8/avr8-gnu-toolchain/bin/../lib/gcc/avr/5.4.0/avr5\libgcc.a(_divmodsi4.o)
 .text          0x00000000        0x0 c:/program files (x86)/atmel/studio/7.0/toolchain/avr8/avr8-gnu-toolchain/bin/../lib/gcc/avr/5.4.0/avr5\libgcc.a(_negsi2.o)
 .data          0x00000000        0x0 c:/program files (x86)/atmel/studio/7.0/toolchain/avr8/avr8-gnu-toolchain/bin/../lib/gcc/avr/5.4.0/avr5\libgcc.a(_negsi2.o)
 .bss           0x00000000        0x0 c:/program files (x86)/atmel/studio/7.0/toolchain/avr8/avr8-gnu-toolchain/bin/../lib/gcc/avr/5.4.0/avr5\libgcc.a(_negsi2.o)
 .text.libgcc.mul
                0x00000000        0x0 c:/program files (x86)/atmel/studio/7.0/toolchain/avr8/avr8-gnu-toolchain/bin/../lib/gcc/avr/5.4.0/avr5\libgcc.a(_negsi2.o)
 .text.libgcc   0x00000000        0x0 c:/program files (x86)/atmel/studio/7.0/toolchain/avr8/avr8-gnu-toolchain/bin/../lib/gcc/avr/5.4.0/avr5\libgcc.a(_negsi2.o)
 .text.libgcc.prologue
                0x00000000        0x0 c:/program files (x86)/atmel/studio/7.0/toolchain/avr8/avr8-gnu-toolchain/bin/../lib/gcc/avr/5.4.0/avr5\libgcc.a(_negsi2.o)
 .text.libgcc.builtins
                0x00000000        0x0 c:/program files (x86)/atmel/studio/7.0/toolchain/avr8/avr8-gnu-toolchain/bin/../lib/gcc/avr/5.4.0/avr5\libgcc.a(_negsi2.o)
 .text.libgcc.fmul
                0x00000000        0x0 c:/program files (x86)/atmel/studio/7.0/toolchain/avr8/avr8-gnu-toolchain/bin/../lib/gcc/avr/5.4.0/avr5\libgcc.a(_negsi2.o)
 .text.libgcc.fixed
                0x00000000        0x0 c:/program files (x86)/atmel/studio/7.0/toolchain/avr8/avr8-gnu-toolchain/bin/../lib/gcc/avr/5.4.0/avr5\libgcc.a(_negsi2.o)
 .text          0x00000000        0x0 c:/program files (x86)/atmel/studio/7.0/toolchain/avr8/avr8-gnu-toolchain/bin/../lib/gcc/avr/5.4.0/avr5\libgcc.a(_exit.o)
 .data          0x00000000        0x0 c:/program files (x86)/atmel/studio/7.0/toolchain/avr8/avr8-gnu-toolchain/bin/../lib/gcc/avr/5.4.0/avr5\libgcc.a(_exit.o)
 .bss           0x00000000        0x0 c:/program files (x86)/atmel/studio/7.0/toolchain/avr8/avr8-gnu-toolchain/bin/../lib/gcc/avr/5.4.0/avr5\libgcc.a(_exit.o)
 .text.libgcc.mul
                0x00000000        0x0 c:/program files (x86)/atmel/studio/7.0/toolchain/avr8/avr8-gnu-toolchain/bin/../lib/gcc/avr/5.4.0/avr5\libgcc.a(_exit.o)
 .text.libgcc.div
                0x00000000        0x0 c:/program files (x86)/atmel/studio/7.0/toolchain/avr8/avr8-gnu-toolchain/bin/../lib/gcc/avr/5.4.0/avr5\libgcc.a(_exit.o)
 .text.libgcc   0x00000000        0x0 c:/program files (x86)/atmel/studio/7.0/toolchain/avr8/avr8-gnu-toolchain/bin/../lib/gcc/avr/5.4.0/avr5\libgcc.a(_exit.o)
 .text.libgcc.prologue
                0x00000000        0x0 c:/program files (x86)/atmel/studio/7.0/toolchain/avr8/avr8-gnu-toolchain/bin/../lib/gcc/avr/5.4.0/avr5\libgcc.a(_exit.o)
 .text.libgcc.builtins
                0x00000000        0x0 c:/program files (x86)/atmel/studio/7.0/toolchain/avr8/avr8-gnu-toolchain/bin/../lib/gcc/avr/5.4.0/avr5\libgcc.a(_exit.o)
 .text.libgcc.fmul
                0x00000000        0x0 c:/program files (x86)/atmel/studio/7.0/toolchain/avr8/avr8-gnu-toolchain/bin/../lib/gcc/avr/5.4.0/avr5\libgcc.a(_exit.o)
 .text.libgcc.fixed
                0x00000000        0x0 c:/program files (x86)/atmel/studio/7.0/toolchain/avr8/avr8-gnu-toolchain/bin/../lib/gcc/avr/5.4.0/avr5\libgcc.a(_exit.o)
 .text          0x00000000        0x0 c:/program files (x86)/atmel/studio/7.0/toolchain/avr8/avr8-gnu-toolchain/bin/../lib/gcc/avr/5.4.0/avr5\libgcc.a(_copy_data.o)
 .data          0x00000000        0x0 c:/program files (x86)/atmel/studio/7.0/toolchain/avr8/avr8-gnu-toolchain/bin/../lib/gcc/avr/5.4.0/avr5\libgcc.a(_copy_data.o)
 .bss           0x00000000        0x0 c:/program files (x86)/atmel/studio/7.0/toolchain/avr8/avr8-gnu-toolchain/bin/../lib/gcc/avr/5.4.0/avr5\libgcc.a(_copy_data.o)
 .text.libgcc.mul
                0x00000000        0x0 c:/program files (x86)/atmel/studio/7.0/toolchain/avr8/avr8-gnu-toolchain/bin/../lib/gcc/avr/5.4.0/avr5\libgcc.a(_copy_data.o)
 .text.libgcc.div
                0x00000000        0x0 c:/program files (x86)/atmel/studio/7.0/toolchain/avr8/avr8-gnu-toolchain/bin/../lib/gcc/avr/5.4.0/avr5\libgcc.a(_copy_data.o)
 .text.libgcc   0x00000000        0x0 c:/program files (x86)/atmel/studio/7.0/toolchain/avr8/avr8-gnu-toolchain/bin/../lib/gcc/avr/5.4.0/avr5\libgcc.a(_copy_data.o)
 .text.libgcc.prologue
                0x00000000        0x0 c:/program files (x86)/atmel/studio/7.0/toolchain/avr8/avr8-gnu-toolchain/bin/../lib/gcc/avr/5.4.0/avr5\libgcc.a(_copy_data.o)
 .text.libgcc.builtins
                0x00000000        0x0 c:/program files (x86)/atmel/studio/7.0/toolchain/avr8/avr8-gnu-toolchain/bin/../lib/gcc/avr/5.4.0/avr5\libgcc.a(_copy_data.o)
 .text.libgcc.fmul
                0x00000000        0x0 c:/program files (x86)/atmel/studio/7.0/toolchain/avr8/avr8-gnu-toolchain/bin/../lib/gcc/avr/5.4.0/avr5\libgcc.a(_copy_data.o)
 .text.libgcc.fixed
                0x00000000        0x0 c:/program files (x86)/atmel/studio/7.0/toolchain/avr8/avr8-gnu-toolchain/bin/../lib/gcc/avr/5.4.0/avr5\libgcc.a(_copy_data.o)
 .text          0x00000000        0x0 c:/program files (x86)/atmel/studio/7.0/toolchain/avr8/avr8-gnu-toolchain/bin/../lib/gcc/avr/5.4.0/avr5\libgcc.a(_clear_bss.o)
 .data          0x00000000        0x0 c:/program files (x86)/atmel/studio/7.0/toolchain/avr8/avr8-gnu-toolchain/bin/../lib/gcc/avr/5.4.0/avr5\libgcc.a(_clear_bss.o)
 .bss           0x00000000        0x0 c:/program files (x86)/atmel/studio/7.0/toolchain/avr8/avr8-gnu-toolchain/bin/../lib/gcc/avr/5.4.0/avr5\libgcc.a(_clear_bss.o)
 .text.libgcc.mul
                0x00000000        0x0 c:/program files (x86)/atmel/studio/7.0/toolchain/avr8/avr8-gnu-toolchain/bin/../lib/gcc/avr/5.4.0/avr5\libgcc.a(_clear_bss.o)
 .text.libgcc.div
                0x00000000        0x0 c:/program files (x86)/atmel/studio/7.0/toolchain/avr8/avr8-gnu-toolchain/bin/../lib/gcc/avr/5.4.0/avr5\libgcc.a(_clear_bss.o)
 .text.libgcc   0x00000000        0x0 c:/program files (x86)/atmel/studio/7.0/toolchain/avr8/avr8-gnu-toolchain/bin/../lib/gcc/avr/5.4.0/avr5\libgcc.a(_clear_bss.o)
 .text.libgcc.prologue
                0x00000000        0x0 c:/program files (x86)/atmel/studio/7.0/toolchain/avr8/avr8-gnu-toolchain/bin/../lib/gcc/avr/5.4.0/avr5\libgcc.a(_clear_bss.o)
 .text.libgcc.builtins
                0x00000000        0x0 c:/program files (x86)/atmel/studio/7.0/toolchain/avr8/avr8-gnu-toolchain/bin/../lib/gcc/avr/5.4.0/avr5\libgcc.a(_clear_bss.o)
 .text.libgcc.fmul
                0x00000000        0x0 c:/program files (x86)/atmel/studio/7.0/toolchain/avr8/avr8-gnu-toolchain/bin/../lib/gcc/avr/5.4.0/avr5\libgcc.a(_clear_bss.o)
 .text.libgcc.fixed
                0x00000000        0x0 c:/program files (x86)/atmel/studio/7.0/toolchain/avr8/avr8-gnu-toolchain/bin/../lib/gcc/avr/5.4.0/avr5\libgcc.a(_clear_bss.o)
 .text          0x00000000        0x0 c:/program files (x86)/atmel/studio/7.0/toolchain/avr8/avr8-gnu-toolchain/bin/../lib/gcc/avr/5.4.0/avr5\libgcc.a(_umulhisi3.o)
 .data          0x00000000        0x0 c:/program files (x86)/atmel/studio/7.0/toolchain/avr8/avr8-gnu-toolchain/bin/../lib/gcc/avr/5.4.0/avr5\libgcc.a(_umulhisi3.o)
 .bss           0x00000000        0x0 c:/program files (x86)/atmel/studio/7.0/toolchain/avr8/avr8-gnu-toolchain/bin/../lib/gcc/avr/5.4.0/avr5\libgcc.a(_umulhisi3.o)
 .text.libgcc.mul
                0x00000000       0x1e c:/program files (x86)/atmel/studio/7.0/toolchain/avr8/avr8-gnu-toolchain/bin/../lib/gcc/avr/5.4.0/avr5\libgcc.a(_umulhisi3.o)
 .text.libgcc.div
                0x00000000        0x0 c:/program files (x86)/atmel/studio/7.0/toolchain/avr8/avr8-gnu-toolchain/bin/../lib/gcc/avr/5.4.0/avr5\libgcc.a(_umulhisi3.o)
 .text.libgcc   0x00000000        0x0 c:/program files (x86)/atmel/studio/7.0/toolchain/avr8/avr8-gnu-toolchain/bin/../lib/gcc/avr/5.4.0/avr5\libgcc.a(_umulhisi3.o)
 .text.libgcc.prologue
                0x00000000        0x0 c:/program files (x86)/atmel/studio/7.0/toolchain/avr8/avr8-gnu-toolchain/bin/../lib/gcc/avr/5.4.0/avr5\libgcc.a(_umulhisi3.o)
 .text.libgcc.builtins
                0x00000000        0x0 c:/program files (x86)/atmel/studio/7.0/toolchain/avr8/avr8-gnu-toolchain/bin/../lib/gcc/avr/5.4.0/avr5\libgcc.a(_umulhisi3.o)
 .text.libgcc.fmul
                0x00000000        0x0 c:/program files (x86)/atmel/studio/7.0/toolchain/avr8/avr8-gnu-toolchain/bin/../lib/gcc/avr/5.4.0/avr5\libgcc.a(_umulhisi3.o)
 .text.libgcc.fixed
                0x00000000        0x0 c:/program files (x86)/atmel/studio/7.0/toolchain/avr8/avr8-gnu-toolchain/bin/../lib/gcc/avr/5.4.0/avr5\libgcc.a(_umulhisi3.o)
 .text          0x00000000        0x0 c:/program files (x86)/atmel/studio/7.0/toolchain/avr8/avr8-gnu-toolchain/bin/../lib/gcc/avr/5.4.0/avr5\libgcc.a(_udivmodhi4.o)
 .data          0x00000000        0x0 c:/program files (x86)/atmel/studio/7.0/toolchain/avr8/avr8-gnu-toolchain/bin/../lib/gcc/avr/5.4.0/avr5\libgcc.a(_udivmodhi4.o)
 .bss           0x00000000        0x0 c:/program files (x86)/atmel/studio/7.0/toolchain/avr8/avr8-gnu-toolchain/bin/../lib/gcc/avr/5.4.0/avr5\libgcc.a(_udivmodhi4.o)
 .text.libgcc.mul
                0x00000000        0x0 c:/program files (x86)/atmel/studio/7.0/toolchain/avr8/avr8-gnu-toolchain/bin/../lib/gcc/avr/5.4.0/avr5\libgcc.a(_udivmodhi4.o)
 .text.libgcc.div
                0x00000000       0x28 c:/program files (x86)/atmel/studio/7.0/toolchain/avr8/avr8-gnu-toolchain/bin/../lib/gcc/avr/5.4.0/avr5\libgcc.a(_udivmodhi4.o)
 .text.libgcc   0x00000000        0x0 c:/program files (x86)/atmel/studio/7.0/toolchain/avr8/avr8-gnu-toolchain/bin/../lib/gcc/avr/5.4.0/avr5\libgcc.a(_udivmodhi4.o)
 .text.libgcc.prologue
                0x00000000        0x0 c:/program files (x86)/atmel/studio/7.0/toolchain/avr8/avr8-gnu-toolchain/bin/../lib/gcc/avr/5.4.0/avr5\libgcc.a(_udivmodhi4.o)
 .text.libgcc.builtins
                0x00000000        0x0 c:/program files (x86)/atmel/studio/7.0/toolchain/avr8/avr8-gnu-toolchain/bin/../lib/gcc/avr/5.4.0/avr5\libgcc.a(_udivmodhi4.o)
 .text.libgcc.fmul
                0x00000000        0x0 c:/program files (x86)/atmel/studio/7.0/toolchain/avr8/avr8-gnu-toolchain/bin/../lib/gcc/avr/5.4.0/avr5\libgcc.a(_udivmodhi4.o)
 .text.libgcc.fixed
                0x00000000        0x0 c:/program files (x86)/atmel/studio/7.0/toolchain/avr8/avr8-gnu-toolchain/bin/../lib/gcc/avr/5.4.0/avr5\libgcc.a(_udivmodhi4.o)
 .text          0x00000000        0x0 c:/program files (x86)/atmel/studio/7.0/toolchain/avr8/avr8-gnu-toolchain/bin/../lib/gcc/avr/5.4.0/avr5\libgcc.a(_udivmodsi4.o)
 .data          0x00000000        0x0 c:/program files (x86)/atmel/studio/7.0/toolchain/avr8/avr8-gnu-toolchain/bin/../lib/gcc/avr/5.4.0/avr5\libgcc.a(_udivmodsi4.o)
 .bss           0x00000000        0x0 c:/program files (x86)/atmel/studio/7.0/toolchain/avr8/avr8-gnu-toolchain/bin/../lib/gcc/avr/5.4.0/avr5\libgcc.a(_udivmodsi4.o)
 .text.libgcc.mul
                0x00000000        0x0 c:/program files (x86)/atmel/studio/7.0/toolchain/avr8/avr8-gnu-toolchain/bin/../lib/gcc/avr/5.4.0/avr5\libgcc.a(_udivmodsi4.o)
 .text.libgcc   0x00000000        0x0 c:/program files (x86)/atmel/studio/7.0/toolchain/avr8/avr8-gnu-toolchain/bin/../lib/gcc/avr/5.4.0/avr5\libgcc.a(_udivmodsi4.o)
 .text.libgcc.prologue
                0x00000000        0x0 c:/program files (x86)/atmel/studio/7.0/toolchain/avr8/avr8-gnu-toolchain/bin/../lib/gcc/avr/5.4.0/avr5\libgcc.a(_udivmodsi4.o)
 .text.libgcc.builtins
                0x00000000        0x0 c:/program files (x86)/atmel/studio/7.0/toolchain/avr8/avr8-gnu-toolchain/bin/../lib/gcc/avr/5.4.0/avr5\libgcc.a(_udivmodsi4.o)
 .text.libgcc.fmul
                0x00000000        0x0 c:/program files (x86)/atmel/studio/7.0/toolchain/avr8/avr8-gnu-toolchain/bin/../lib/gcc/avr/5.4.0/avr5\libgcc.a(_udivmodsi4.o)
 .text.libgcc.fixed
                0x00000000        0x0 c:/program files (x86)/atmel/studio/7.0/toolchain/avr8/avr8-gnu-toolchain/bin/../lib/gcc/avr/5.4.0/avr5\libgcc.a(_udivmodsi4.o)

Memory Configuration

Name             Origin             Length             Attributes
text             0x00000000         0x00020000         xr
data             0x00800060         0x0000ffa0         rw !x
eeprom           0x00810000         0x00010000         rw !x
fuse             0x00820000         0x00000002         rw !x
lock             0x00830000         0x00000400         rw !x
signature        0x00840000         0x00000400         rw !x
user_signatures  0x00850000         0x00000400         rw !x
*default*        0x00000000         0xffffffff

Linker script and memory map

LOAD C:/Program Files (x86)/Atmel/Studio/7.0/Packs/atmel/ATmega_DFP/1.2.209/gcc/dev/atmega32/avr5/crtatmega32.o
LOAD APP/CFGH/HAL_CFG/LCD_CFG.o
LOAD APP/CFGH/MCAL_CFG/PORT_LCFG.o
LOAD APP/MAIN/main.o
LOAD HAL/LCD/LCD_Core.o
LOAD HAL/LED/LED_Core.o
LOAD HAL/pulse meter/pulse_meter_core.o
LOAD HAL/ultrasonic/ultrasonic_core.o
LOAD MCAL/ADC/ADC_Core.o
LOAD MCAL/DIO/DIO_Core.o
LOAD MCAL/GPT/GPT_core.o
LOAD MCAL/ICU/ICU_CORE.o
LOAD MCAL/IRQH/IRQH_Core.o
LOAD MCAL/PORT/PORT_Core.o
LOAD MCAL/PWM/PWM_core.o
START GROUP
LOAD c:/program files (x86)/atmel/studio/7.0/toolchain/avr8/avr8-gnu-toolchain/bin/../lib/gcc/avr/5.4.0/../../../../avr/lib/avr5\libm.a
END GROUP
START GROUP
LOAD c:/program files (x86)/atmel/studio/7.0/toolchain/avr8/avr8-gnu-toolchain/bin/../lib/gcc/avr/5.4.0/avr5\libgcc.a
LOAD c:/program files (x86)/atmel/studio/7.0/toolchain/avr8/avr8-gnu-toolchain/bin/../lib/gcc/avr/5.4.0/../../../../avr/lib/avr5\libm.a
LOAD c:/program files (x86)/atmel/studio/7.0/toolchain/avr8/avr8-gnu-toolchain/bin/../lib/gcc/avr/5.4.0/../../../../avr/lib/avr5\libc.a
LOAD C:/Program Files (x86)/Atmel/Studio/7.0/Packs/atmel/ATmega_DFP/1.2.209/gcc/dev/atmega32/avr5\libatmega32.a
END GROUP
                0x00020000                __TEXT_REGION_LENGTH__ = DEFINED (__TEXT_REGION_LENGTH__)?__TEXT_REGION_LENGTH__:0x20000
                0x0000ffa0                __DATA_REGION_LENGTH__ = DEFINED (__DATA_REGION_LENGTH__)?__DATA_REGION_LENGTH__:0xffa0
                0x00010000                __EEPROM_REGION_LENGTH__ = DEFINED (__EEPROM_REGION_LENGTH__)?__EEPROM_REGION_LENGTH__:0x10000
                [0x00000002]                __FUSE_REGION_LENGTH__ = DEFINED (__FUSE_REGION_LENGTH__)?__FUSE_REGION_LENGTH__:0x400
                0x00000400                __LOCK_REGION_LENGTH__ = DEFINED (__LOCK_REGION_LENGTH__)?__LOCK_REGION_LENGTH__:0x400
                0x00000400                __SIGNATURE_REGION_LENGTH__ = DEFINED (__SIGNATURE_REGION_LENGTH__)?__SIGNATURE_REGION_LENGTH__:0x400
                0x00000400                __USER_SIGNATURE_REGION_LENGTH__ = DEFINED (__USER_SIGNATURE_REGION_LENGTH__)?__USER_SIGNATURE_REGION_LENGTH__:0x400

.hash
 *(.hash)

.dynsym
 *(.dynsym)

.dynstr
 *(.dynstr)

.gnu.version
 *(.gnu.version)

.gnu.version_d
 *(.gnu.version_d)

.gnu.version_r
 *(.gnu.version_r)

.rel.init
 *(.rel.init)

.rela.init
 *(.rela.init)

.rel.text
 *(.rel.text)
 *(.rel.text.*)
 *(.rel.gnu.linkonce.t*)

.rela.text
 *(.rela.text)
 *(.rela.text.*)
 *(.rela.gnu.linkonce.t*)

.rel.fini
 *(.rel.fini)

.rela.fini
 *(.rela.fini)

.rel.rodata
 *(.rel.rodata)
 *(.rel.rodata.*)
 *(.rel.gnu.linkonce.r*)

.rela.rodata
 *(.rela.rodata)
 *(.rela.rodata.*)
 *(.rela.gnu.linkonce.r*)

.rel.data
 *(.rel.data)
 *(.rel.data.*)
 *(.rel.gnu.linkonce.d*)

.rela.data
 *(.rela.data)
 *(.rela.data.*)
 *(.rela.gnu.linkonce.d*)

.rel.ctors
 *(.rel.ctors)

.rela.ctors
 *(.rela.ctors)

.rel.dtors
 *(.rel.dtors)

.rela.dtors
 *(.rela.dtors)

.rel.got
 *(.rel.got)

.rela.got
 *(.rela.got)

.rel.bss
 *(.rel.bss)

.rela.bss
 *(.rela.bss)

.rel.plt
 *(.rel.plt)

.rela.plt
 *(.rela.plt)

.text           0x00000000      0xd4a
 *(.vectors)
 .vectors       0x00000000       0x54 C:/Program Files (x86)/Atmel/Studio/7.0/Packs/atmel/ATmega_DFP/1.2.209/gcc/dev/atmega32/avr5/crtatmega32.o
                0x00000000                __vector_default
                0x00000000                __vectors
 *(.vectors)
 *(.progmem.gcc*)
                0x00000054                . = ALIGN (0x2)
                0x00000054                __trampolines_start = .
 *(.trampolines)
 .trampolines   0x00000054        0x0 linker stubs
 *(.trampolines*)
                0x00000054                __trampolines_end = .
 *libprintf_flt.a:*(.progmem.data)
 *libc.a:*(.progmem.data)
 *(.progmem*)
                0x00000054                . = ALIGN (0x2)
 *(.jumptables)
 *(.jumptables*)
 *(.lowtext)
 *(.lowtext*)
                0x00000054                __ctors_start = .
 *(.ctors)
                0x00000054                __ctors_end = .
                0x00000054                __dtors_start = .
 *(.dtors)
                0x00000054                __dtors_end = .
 SORT(*)(.ctors)
 SORT(*)(.dtors)
 *(.init0)
 .init0         0x00000054        0x0 C:/Program Files (x86)/Atmel/Studio/7.0/Packs/atmel/ATmega_DFP/1.2.209/gcc/dev/atmega32/avr5/crtatmega32.o
                0x00000054                __init
 *(.init0)
 *(.init1)
 *(.init1)
 *(.init2)
 .init2         0x00000054        0xc C:/Program Files (x86)/Atmel/Studio/7.0/Packs/atmel/ATmega_DFP/1.2.209/gcc/dev/atmega32/avr5/crtatmega32.o
 *(.init2)
 *(.init3)
 *(.init3)
 *(.init4)
 .init4         0x00000060       0x16 c:/program files (x86)/atmel/studio/7.0/toolchain/avr8/avr8-gnu-toolchain/bin/../lib/gcc/avr/5.4.0/avr5\libgcc.a(_copy_data.o)
                0x00000060                __do_copy_data
 .init4         0x00000076       0x10 c:/program files (x86)/atmel/studio/7.0/toolchain/avr8/avr8-gnu-toolchain/bin/../lib/gcc/avr/5.4.0/avr5\libgcc.a(_clear_bss.o)
                0x00000076                __do_clear_bss
 *(.init4)
 *(.init5)
 *(.init5)
 *(.init6)
 *(.init6)
 *(.init7)
 *(.init7)
 *(.init8)
 *(.init8)
 *(.init9)
 .init9         0x00000086        0x8 C:/Program Files (x86)/Atmel/Studio/7.0/Packs/atmel/ATmega_DFP/1.2.209/gcc/dev/atmega32/avr5/crtatmega32.o
 *(.init9)
 *(.text)
 .text          0x0000008e        0x4 C:/Program Files (x86)/Atmel/Studio/7.0/Packs/atmel/ATmega_DFP/1.2.209/gcc/dev/atmega32/avr5/crtatmega32.o
                0x0000008e                __vector_12
                0x0000008e                __bad_interrupt
                0x0000008e                __vector_3
                0x0000008e                __vector_13
                0x0000008e                __vector_17
                0x0000008e                __vector_19
                0x0000008e                __vector_5
                0x0000008e                __vector_4
                0x0000008e                __vector_2
                0x0000008e                __vector_15
                0x0000008e                __vector_8
                0x0000008e                __vector_14
                0x0000008e                __vector_10
                0x0000008e                __vector_18
                0x0000008e                __vector_20
                0x00000092                . = ALIGN (0x2)
 *(.text.*)
 .text.main     0x00000092       0x92 APP/MAIN/main.o
                0x00000092                main
 .text.LCD_WriteCommand
                0x00000124       0xbc HAL/LCD/LCD_Core.o
                0x00000124                LCD_WriteCommand
 .text.LCD_Init
                0x000001e0       0x38 HAL/LCD/LCD_Core.o
                0x000001e0                LCD_Init
 .text.LCD_WriteChar
                0x00000218       0xbc HAL/LCD/LCD_Core.o
                0x00000218                LCD_WriteChar
 .text.LCD_WriteString
                0x000002d4       0x38 HAL/LCD/LCD_Core.o
                0x000002d4                LCD_WriteString
 .text.LCD_WriteInteger
                0x0000030c      0x10a HAL/LCD/LCD_Core.o
                0x0000030c                LCD_WriteInteger
 .text.LCD_GoTo
                0x00000416       0x36 HAL/LCD/LCD_Core.o
                0x00000416                LCD_GoTo
 .text.LCD_Clear
                0x0000044c       0x14 HAL/LCD/LCD_Core.o
                0x0000044c                LCD_Clear
 .text.ultrasonic_trigger
                0x00000460       0x1e HAL/ultrasonic/ultrasonic_core.o
                0x00000460                ultrasonic_trigger
 .text.ultrasonic_calculateDistance
                0x0000047e       0x26 HAL/ultrasonic/ultrasonic_core.o
                0x0000047e                ultrasonic_calculateDistance
 .text.DIO_WriteChannel
                0x000004a4      0x10e MCAL/DIO/DIO_Core.o
                0x000004a4                DIO_WriteChannel
 .text.GPT_INIT
                0x000005b2       0x26 MCAL/GPT/GPT_core.o
                0x000005b2                GPT_INIT
 .text.ICU_INIT
                0x000005d8       0x12 MCAL/ICU/ICU_CORE.o
                0x000005d8                ICU_INIT
 .text.ICU_CAPTURETIME
                0x000005ea       0xaa MCAL/ICU/ICU_CORE.o
                0x000005ea                ICU_CAPTURETIME
 .text.IRQH_SetGlobalInterrupts
                0x00000694       0x18 MCAL/IRQH/IRQH_Core.o
                0x00000694                IRQH_SetGlobalInterrupts
 .text.__vector_1
                0x000006ac       0x4e MCAL/IRQH/IRQH_Core.o
                0x000006ac                __vector_1
 .text.__vector_16
                0x000006fa       0x66 MCAL/IRQH/IRQH_Core.o
                0x000006fa                __vector_16
 .text.__vector_11
                0x00000760       0x82 MCAL/IRQH/IRQH_Core.o
                0x00000760                __vector_11
 .text.__vector_7
                0x000007e2       0x4e MCAL/IRQH/IRQH_Core.o
                0x000007e2                __vector_7
 .text.__vector_9
                0x00000830       0x4a MCAL/IRQH/IRQH_Core.o
                0x00000830                __vector_9
 .text.__vector_6
                0x0000087a       0xf0 MCAL/IRQH/IRQH_Core.o
                0x0000087a                __vector_6
 .text.PORT_Init
                0x0000096a      0x106 MCAL/PORT/PORT_Core.o
                0x0000096a                PORT_Init
 .text.avr-libc.fplib
                0x00000a70       0x5e c:/program files (x86)/atmel/studio/7.0/toolchain/avr8/avr8-gnu-toolchain/bin/../lib/gcc/avr/5.4.0/../../../../avr/lib/avr5\libm.a(fixunssfsi.o)
                0x00000a70                __fixunssfsi
 .text.avr-libc.fplib
                0x00000ace       0x7a c:/program files (x86)/atmel/studio/7.0/toolchain/avr8/avr8-gnu-toolchain/bin/../lib/gcc/avr/5.4.0/../../../../avr/lib/avr5\libm.a(floatsisf.o)
                0x00000ace                __floatunsisf
                0x00000ad2                __floatsisf
 .text.avr-libc.fplib
                0x00000b48       0x44 c:/program files (x86)/atmel/studio/7.0/toolchain/avr8/avr8-gnu-toolchain/bin/../lib/gcc/avr/5.4.0/../../../../avr/lib/avr5\libm.a(fp_split3.o)
                0x00000b48                __fp_split3
                0x00000b58                __fp_splitA
 .text.avr-libc.fplib
                0x00000b8c        0xe c:/program files (x86)/atmel/studio/7.0/toolchain/avr8/avr8-gnu-toolchain/bin/../lib/gcc/avr/5.4.0/../../../../avr/lib/avr5\libm.a(fp_zero.o)
                0x00000b8c                __fp_zero
                0x00000b8e                __fp_szero
 .text.avr-libc.fplib
                0x00000b9a        0x8 c:/program files (x86)/atmel/studio/7.0/toolchain/avr8/avr8-gnu-toolchain/bin/../lib/gcc/avr/5.4.0/../../../../avr/lib/avr5\libm.a(mulsf3.o)
                0x00000b9a                __mulsf3
 .text.avr-libc.fplib
                0x00000ba2       0xd2 c:/program files (x86)/atmel/studio/7.0/toolchain/avr8/avr8-gnu-toolchain/bin/../lib/gcc/avr/5.4.0/../../../../avr/lib/avr5\libm.a(mulsf3x.o)
                0x00000bc0                __mulsf3x
                0x00000bc6                __mulsf3_pse
 .text.avr-libc.fplib
                0x00000c74        0xc c:/program files (x86)/atmel/studio/7.0/toolchain/avr8/avr8-gnu-toolchain/bin/../lib/gcc/avr/5.4.0/../../../../avr/lib/avr5\libm.a(fp_inf.o)
                0x00000c74                __fp_inf
 .text.avr-libc.fplib
                0x00000c80        0x6 c:/program files (x86)/atmel/studio/7.0/toolchain/avr8/avr8-gnu-toolchain/bin/../lib/gcc/avr/5.4.0/../../../../avr/lib/avr5\libm.a(fp_nan.o)
                0x00000c80                __fp_nan
 .text.avr-libc.fplib
                0x00000c86        0xe c:/program files (x86)/atmel/studio/7.0/toolchain/avr8/avr8-gnu-toolchain/bin/../lib/gcc/avr/5.4.0/../../../../avr/lib/avr5\libm.a(fp_pscA.o)
                0x00000c86                __fp_pscA
 .text.avr-libc.fplib
                0x00000c94        0xe c:/program files (x86)/atmel/studio/7.0/toolchain/avr8/avr8-gnu-toolchain/bin/../lib/gcc/avr/5.4.0/../../../../avr/lib/avr5\libm.a(fp_pscB.o)
                0x00000c94                __fp_pscB
 .text.avr-libc.fplib
                0x00000ca2       0x22 c:/program files (x86)/atmel/studio/7.0/toolchain/avr8/avr8-gnu-toolchain/bin/../lib/gcc/avr/5.4.0/../../../../avr/lib/avr5\libm.a(fp_round.o)
                0x00000ca2                __fp_round
 .text.libgcc.div
                0x00000cc4       0x2e c:/program files (x86)/atmel/studio/7.0/toolchain/avr8/avr8-gnu-toolchain/bin/../lib/gcc/avr/5.4.0/avr5\libgcc.a(_divmodsi4.o)
                0x00000cc4                __divmodsi4
 .text.libgcc.div
                0x00000cf2       0x10 c:/program files (x86)/atmel/studio/7.0/toolchain/avr8/avr8-gnu-toolchain/bin/../lib/gcc/avr/5.4.0/avr5\libgcc.a(_negsi2.o)
                0x00000cf2                __negsi2
 .text.libgcc.div
                0x00000d02       0x44 c:/program files (x86)/atmel/studio/7.0/toolchain/avr8/avr8-gnu-toolchain/bin/../lib/gcc/avr/5.4.0/avr5\libgcc.a(_udivmodsi4.o)
                0x00000d02                __udivmodsi4
                0x00000d46                . = ALIGN (0x2)
 *(.fini9)
 .fini9         0x00000d46        0x0 c:/program files (x86)/atmel/studio/7.0/toolchain/avr8/avr8-gnu-toolchain/bin/../lib/gcc/avr/5.4.0/avr5\libgcc.a(_exit.o)
                0x00000d46                _exit
                0x00000d46                exit
 *(.fini9)
 *(.fini8)
 *(.fini8)
 *(.fini7)
 *(.fini7)
 *(.fini6)
 *(.fini6)
 *(.fini5)
 *(.fini5)
 *(.fini4)
 *(.fini4)
 *(.fini3)
 *(.fini3)
 *(.fini2)
 *(.fini2)
 *(.fini1)
 *(.fini1)
 *(.fini0)
 .fini0         0x00000d46        0x4 c:/program files (x86)/atmel/studio/7.0/toolchain/avr8/avr8-gnu-toolchain/bin/../lib/gcc/avr/5.4.0/avr5\libgcc.a(_exit.o)
 *(.fini0)
                0x00000d4a                _etext = .

.data           0x00800060       0x56 load address 0x00000d4a
                0x00800060                PROVIDE (__data_start, .)
 *(.data)
 *(.data*)
 .data.PORT_Initialization
                0x00800060       0x28 APP/CFGH/MCAL_CFG/PORT_LCFG.o
                0x00800060                PORT_Initialization
 *(.gnu.linkonce.d*)
 *(.rodata)
 *(.rodata*)
 .rodata.str1.1
                0x00800088       0x2d APP/MAIN/main.o
 *(.gnu.linkonce.r*)
                0x008000b6                . = ALIGN (0x2)
 *fill*         0x008000b5        0x1 
                0x008000b6                _edata = .
                0x008000b6                PROVIDE (__data_end, .)

.bss            0x008000b6       0x23
                0x008000b6                PROVIDE (__bss_start, .)
 *(.bss)
 *(.bss*)
 .bss.TIMER0_INIT_VALUE_G
                0x008000b6        0x4 MCAL/GPT/GPT_core.o
                0x008000b6                TIMER0_INIT_VALUE_G
 .bss.TIMER_NUMBER_OVERFLOWS_G
                0x008000ba        0x4 MCAL/GPT/GPT_core.o
                0x008000ba                TIMER_NUMBER_OVERFLOWS_G
 .bss.CALCULATED_TIME.1587
                0x008000be        0x4 MCAL/ICU/ICU_CORE.o
 .bss.capture_flag_g
                0x008000c2        0x4 MCAL/ICU/ICU_CORE.o
                0x008000c2                capture_flag_g
 .bss.capture_reading_2_g
                0x008000c6        0x4 MCAL/ICU/ICU_CORE.o
                0x008000c6                capture_reading_2_g
 .bss.capture_reading_1_g
                0x008000ca        0x4 MCAL/ICU/ICU_CORE.o
                0x008000ca                capture_reading_1_g
 .bss.ovf_interrupt_cnt.1655
                0x008000ce        0x1 MCAL/IRQH/IRQH_Core.o
 .bss.ptr       0x008000cf        0x2 MCAL/IRQH/IRQH_Core.o
                0x008000cf                ptr
 *(COMMON)
 COMMON         0x008000d1        0x4 MCAL/ADC/ADC_Core.o
                0x008000d1                ADC_Vin_Value_mv
 COMMON         0x008000d5        0x4 MCAL/IRQH/IRQH_Core.o
                0x008000d5                TIMER1_NUMBER_OVERFLOWS_G
                0x008000d9                PROVIDE (__bss_end, .)
                0x00000d4a                __data_load_start = LOADADDR (.data)
                0x00000da0                __data_load_end = (__data_load_start + SIZEOF (.data))

.noinit         0x008000d9        0x0
                [!provide]                PROVIDE (__noinit_start, .)
 *(.noinit*)
                [!provide]                PROVIDE (__noinit_end, .)
                0x008000d9                _end = .
                [!provide]                PROVIDE (__heap_start, .)

.eeprom         0x00810000        0x0
 *(.eeprom*)
                0x00810000                __eeprom_end = .

.fuse
 *(.fuse)
 *(.lfuse)
 *(.hfuse)
 *(.efuse)

.lock
 *(.lock*)

.signature
 *(.signature*)

.user_signatures
 *(.user_signatures*)

.stab
 *(.stab)

.stabstr
 *(.stabstr)

.stab.excl
 *(.stab.excl)

.stab.exclstr
 *(.stab.exclstr)

.stab.index
 *(.stab.index)

.stab.indexstr
 *(.stab.indexstr)

.comment        0x00000000       0x30
 *(.comment)
 .comment       0x00000000       0x30 APP/CFGH/MCAL_CFG/PORT_LCFG.o
                                 0x31 (size before relaxing)
 .comment       0x00000030       0x31 APP/MAIN/main.o
 .comment       0x00000030       0x31 HAL/LCD/LCD_Core.o
 .comment       0x00000030       0x31 HAL/ultrasonic/ultrasonic_core.o
 .comment       0x00000030       0x31 MCAL/ADC/ADC_Core.o
 .comment       0x00000030       0x31 MCAL/DIO/DIO_Core.o
 .comment       0x00000030       0x31 MCAL/GPT/GPT_core.o
 .comment       0x00000030       0x31 MCAL/ICU/ICU_CORE.o
 .comment       0x00000030       0x31 MCAL/IRQH/IRQH_Core.o
 .comment       0x00000030       0x31 MCAL/PORT/PORT_Core.o

.note.gnu.avr.deviceinfo
                0x00000000       0x3c
 .note.gnu.avr.deviceinfo
                0x00000000       0x3c C:/Program Files (x86)/Atmel/Studio/7.0/Packs/atmel/ATmega_DFP/1.2.209/gcc/dev/atmega32/avr5/crtatmega32.o

.note.gnu.build-id
 *(.note.gnu.build-id)

.debug
 *(.debug)

.line
 *(.line)

.debug_srcinfo
 *(.debug_srcinfo)

.debug_sfnames
 *(.debug_sfnames)

.debug_aranges  0x00000000      0x1f0
 *(.debug_aranges)
 .debug_aranges
                0x00000000       0x18 APP/CFGH/MCAL_CFG/PORT_LCFG.o
 .debug_aranges
                0x00000018       0x20 APP/MAIN/main.o
 .debug_aranges
                0x00000038       0x58 HAL/LCD/LCD_Core.o
 .debug_aranges
                0x00000090       0x28 HAL/ultrasonic/ultrasonic_core.o
 .debug_aranges
                0x000000b8       0x28 MCAL/ADC/ADC_Core.o
 .debug_aranges
                0x000000e0       0x40 MCAL/DIO/DIO_Core.o
 .debug_aranges
                0x00000120       0x28 MCAL/GPT/GPT_core.o
 .debug_aranges
                0x00000148       0x28 MCAL/ICU/ICU_CORE.o
 .debug_aranges
                0x00000170       0x60 MCAL/IRQH/IRQH_Core.o
 .debug_aranges
                0x000001d0       0x20 MCAL/PORT/PORT_Core.o

.debug_pubnames
 *(.debug_pubnames)

.debug_info     0x00000000     0x1c14
 *(.debug_info .gnu.linkonce.wi.*)
 .debug_info    0x00000000      0x4e6 C:/Program Files (x86)/Atmel/Studio/7.0/Packs/atmel/ATmega_DFP/1.2.209/gcc/dev/atmega32/avr5/crtatmega32.o
 .debug_info    0x000004e6       0xba APP/CFGH/MCAL_CFG/PORT_LCFG.o
 .debug_info    0x000005a0      0x347 APP/MAIN/main.o
 .debug_info    0x000008e7      0x947 HAL/LCD/LCD_Core.o
 .debug_info    0x0000122e      0x1c6 HAL/ultrasonic/ultrasonic_core.o
 .debug_info    0x000013f4       0xd2 MCAL/ADC/ADC_Core.o
 .debug_info    0x000014c6      0x219 MCAL/DIO/DIO_Core.o
 .debug_info    0x000016df       0xd9 MCAL/GPT/GPT_core.o
 .debug_info    0x000017b8      0x104 MCAL/ICU/ICU_CORE.o
 .debug_info    0x000018bc      0x240 MCAL/IRQH/IRQH_Core.o
 .debug_info    0x00001afc      0x118 MCAL/PORT/PORT_Core.o

.debug_abbrev   0x00000000      0xd96
 *(.debug_abbrev)
 .debug_abbrev  0x00000000      0x4a3 C:/Program Files (x86)/Atmel/Studio/7.0/Packs/atmel/ATmega_DFP/1.2.209/gcc/dev/atmega32/avr5/crtatmega32.o
 .debug_abbrev  0x000004a3       0x76 APP/CFGH/MCAL_CFG/PORT_LCFG.o
 .debug_abbrev  0x00000519      0x11d APP/MAIN/main.o
 .debug_abbrev  0x00000636      0x1e6 HAL/LCD/LCD_Core.o
 .debug_abbrev  0x0000081c      0x13f HAL/ultrasonic/ultrasonic_core.o
 .debug_abbrev  0x0000095b       0x80 MCAL/ADC/ADC_Core.o
 .debug_abbrev  0x000009db       0xd2 MCAL/DIO/DIO_Core.o
 .debug_abbrev  0x00000aad       0x80 MCAL/GPT/GPT_core.o
 .debug_abbrev  0x00000b2d       0x89 MCAL/ICU/ICU_CORE.o
 .debug_abbrev  0x00000bb6      0x12c MCAL/IRQH/IRQH_Core.o
 .debug_abbrev  0x00000ce2       0xb4 MCAL/PORT/PORT_Core.o

.debug_line     0x00000000      0xff7
 *(.debug_line .debug_line.* .debug_line_end)
 .debug_line    0x00000000      0x115 C:/Program Files (x86)/Atmel/Studio/7.0/Packs/atmel/ATmega_DFP/1.2.209/gcc/dev/atmega32/avr5/crtatmega32.o
 .debug_line    0x00000115       0x5d APP/CFGH/MCAL_CFG/PORT_LCFG.o
 .debug_line    0x00000172      0x248 APP/MAIN/main.o
 .debug_line    0x000003ba      0x3c9 HAL/LCD/LCD_Core.o
 .debug_line    0x00000783      0x198 HAL/ultrasonic/ultrasonic_core.o
 .debug_line    0x0000091b       0xa1 MCAL/ADC/ADC_Core.o
 .debug_line    0x000009bc      0x20e MCAL/DIO/DIO_Core.o
 .debug_line    0x00000bca       0x89 MCAL/GPT/GPT_core.o
 .debug_line    0x00000c53       0x9b MCAL/ICU/ICU_CORE.o
 .debug_line    0x00000cee      0x201 MCAL/IRQH/IRQH_Core.o
 .debug_line    0x00000eef      0x108 MCAL/PORT/PORT_Core.o

.debug_frame    0x00000000      0x48c
 *(.debug_frame)
 .debug_frame   0x00000000       0x24 APP/MAIN/main.o
 .debug_frame   0x00000024      0x118 HAL/LCD/LCD_Core.o
 .debug_frame   0x0000013c       0x34 HAL/ultrasonic/ultrasonic_core.o
 .debug_frame   0x00000170       0x34 MCAL/ADC/ADC_Core.o
 .debug_frame   0x000001a4       0x64 MCAL/DIO/DIO_Core.o
 .debug_frame   0x00000208       0x34 MCAL/GPT/GPT_core.o
 .debug_frame   0x0000023c       0x34 MCAL/ICU/ICU_CORE.o
 .debug_frame   0x00000270      0x1f8 MCAL/IRQH/IRQH_Core.o
 .debug_frame   0x00000468       0x24 MCAL/PORT/PORT_Core.o

.debug_str      0x00000000      0x86b
 *(.debug_str)
 .debug_str     0x00000000      0x196 C:/Program Files (x86)/Atmel/Studio/7.0/Packs/atmel/ATmega_DFP/1.2.209/gcc/dev/atmega32/avr5/crtatmega32.o
 .debug_str     0x00000196      0x192 APP/CFGH/MCAL_CFG/PORT_LCFG.o
                                0x1b9 (size before relaxing)
 .debug_str     0x00000328      0x18e APP/MAIN/main.o
                                0x2a5 (size before relaxing)
 .debug_str     0x000004b6       0xd0 HAL/LCD/LCD_Core.o
                                0x2f0 (size before relaxing)
 .debug_str     0x00000586       0x58 HAL/ultrasonic/ultrasonic_core.o
                                0x285 (size before relaxing)
 .debug_str     0x000005de       0x53 MCAL/ADC/ADC_Core.o
                                0x1be (size before relaxing)
 .debug_str     0x00000631       0x92 MCAL/DIO/DIO_Core.o
                                0x218 (size before relaxing)
 .debug_str     0x000006c3       0x5b MCAL/GPT/GPT_core.o
                                0x1cf (size before relaxing)
 .debug_str     0x0000071e       0x5e MCAL/ICU/ICU_CORE.o
                                0x1e9 (size before relaxing)
 .debug_str     0x0000077c       0xd1 MCAL/IRQH/IRQH_Core.o
                                0x303 (size before relaxing)
 .debug_str     0x0000084d       0x1e MCAL/PORT/PORT_Core.o
                                0x1c5 (size before relaxing)

.debug_loc      0x00000000     0x14e7
 *(.debug_loc)
 .debug_loc     0x00000000      0x102 APP/MAIN/main.o
 .debug_loc     0x00000102      0x73d HAL/LCD/LCD_Core.o
 .debug_loc     0x0000083f       0xa9 HAL/ultrasonic/ultrasonic_core.o
 .debug_loc     0x000008e8      0x595 MCAL/DIO/DIO_Core.o
 .debug_loc     0x00000e7d      0x412 MCAL/IRQH/IRQH_Core.o
 .debug_loc     0x0000128f      0x258 MCAL/PORT/PORT_Core.o

.debug_macinfo
 *(.debug_macinfo)

.debug_weaknames
 *(.debug_weaknames)

.debug_funcnames
 *(.debug_funcnames)

.debug_typenames
 *(.debug_typenames)

.debug_varnames
 *(.debug_varnames)

.debug_pubtypes
 *(.debug_pubtypes)

.debug_ranges   0x00000000      0x148
 *(.debug_ranges)
 .debug_ranges  0x00000000       0x10 APP/MAIN/main.o
 .debug_ranges  0x00000010       0x48 HAL/LCD/LCD_Core.o
 .debug_ranges  0x00000058       0x18 HAL/ultrasonic/ultrasonic_core.o
 .debug_ranges  0x00000070       0x18 MCAL/ADC/ADC_Core.o
 .debug_ranges  0x00000088       0x30 MCAL/DIO/DIO_Core.o
 .debug_ranges  0x000000b8       0x18 MCAL/GPT/GPT_core.o
 .debug_ranges  0x000000d0       0x18 MCAL/ICU/ICU_CORE.o
 .debug_ranges  0x000000e8       0x50 MCAL/IRQH/IRQH_Core.o
 .debug_ranges  0x00000138       0x10 MCAL/PORT/PORT_Core.o

.debug_macro
 *(.debug_macro)
OUTPUT(PORT Driver.elf elf32-avr)
LOAD linker stubs
